// Jest Snapshot v1, https://goo.gl/fbAQLP

exports[`connectReplyWithParagraph cannot connect already connected reply and paragraph 1`] = `
Array [
  [GraphQLError: E11000 duplicate key error collection: answerfamily.paragraphReplies index: paragraphId-replyId-unique dup key: { : "p1", : "r1" }],
]
`;

exports[`connectReplyWithParagraph connects reply and paragraph 1`] = `
Object {
  "paragraphReplies": Array [
    Object {
      "reply": Object {
        "id": "r1",
      },
      "user": Object {
        "id": "user-id",
        "name": "[mock] name of user-id",
      },
    },
    Object {
      "reply": Object {
        "id": "r2",
      },
      "user": Object {
        "id": "author1",
        "name": "[mock] name of author1",
      },
    },
  ],
}
`;
